
> vite_react_shadcn_ts@0.0.0 build:dev
> vite build --mode development

[36mvite v5.4.19 [32mbuilding for development...[36m[39m
transforming...
node.exe : Browserslist: 
browsers data (caniuse-lite) 
is 6 months old. Please run:
At 
C:\nvm4w\nodejs\npm.ps1:29 
char:3
+   & $NODE_EXE $NPM_CLI_JS 
$args
+   
~~~~~~~~~~~~~~~~~~~~~~~~~~~~~
    + CategoryInfo           
   : NotSpecified: (Browser  
  slist: b...ld. Please ru   
 n::String) [], RemoteExc    
eption
    + FullyQualifiedErrorId  
   : NativeCommandError
 
  npx 
update-browserslist-db@latest
  Why you should do it 
regularly: https://github.com
/browserslist/update-db#readm
e

[1m[33mwarn[39m[22m - 
The class `duration-[3s]` is 
ambiguous and matches 
multiple utilities.
[1m[33mwarn[39m[22m - If 
this is content and not a 
class, replace it with 
`duration-&lsqb;3s&rsqb;` to 
silence this warning.

[1m[33mwarn[39m[22m - 
The class `duration-[5s]` is 
ambiguous and matches 
multiple utilities.
[1m[33mwarn[39m[22m - If 
this is content and not a 
class, replace it with 
`duration-&lsqb;5s&rsqb;` to 
silence this warning.

/grid.svg referenced in 
/grid.svg didn't resolve at 
build time, it will remain 
unchanged to be resolved at 
runtime
[32mÔ£ô[39m 2207 modules transformed.
rendering chunks...
computing gzip size...
[2mdist/[22m[32mindex.html                  [39m[1m[2m    1.15 kB[22m[1m[22m[2m Ôöé gzip:   0.50 kB[22m
[2mdist/[22m[32massets/hero-2-CUkfF3aZ.jpg  [39m[1m[2m  201.89 kB[22m[1m[22m
[2mdist/[22m[32massets/hero-3-t0n3THHP.jpg  [39m[1m[2m  232.37 kB[22m[1m[22m
[2mdist/[22m[32massets/hero-1-DxNsUkCr.jpg  [39m[1m[2m  375.96 kB[22m[1m[22m
[2mdist/[22m[35massets/index-CK94JuEJ.css   [39m[1m[2m  106.02 kB[22m[1m[22m[2m Ôöé gzip:  16.06 kB[22m
[2mdist/[22m[36massets/index-0ZEtXydb.js    [39m[1m[33m2,135.44 kB[39m[22m[2m Ôöé gzip: 570.30 kB[22m
[33m
(!) Some chunks are larger 
than 500 kB after 
minification. Consider:
- Using dynamic import() to 
code-split the application
- Use build.rollupOptions.out
put.manualChunks to improve 
chunking: https://rollupjs.or
g/configuration-options/#outp
ut-manualchunks
- Adjust chunk size limit 
for this warning via build.ch
unkSizeWarningLimit.[39m
[32mÔ£ô built in 15.33s[39m
